{
    "@context": "\/api\/v2\/contexts\/Country",
    "@id": "\/api\/v2\/shop\/countries",
    "@type": "hydra:Collection",
    "hydra:member": [
        {
            "@id": "\/api\/v2\/shop\/countries\/US",
            "@type": "Country",
            "code": "US",
            "provinces": [],
            "name": "United States"
        },
        {
            "@id": "\/api\/v2\/shop\/countries\/FR",
            "@type": "Country",
            "code": "FR",
            "provinces": [],
            "name": "France"
        },
        {
            "@id": "\/api\/v2\/shop\/countries\/DE",
            "@type": "Country",
            "code": "DE",
            "provinces": [],
            "name": "Germany"
        }
    ],
    "hydra:totalItems": 3
}
